[2026-10-06 20:11:07] AGENT STARTED
[2026-10-06 20:11:48] CONNECT from 127.0.0.1:43590
[2026-10-06 20:12:13] CMD: AUTH OPS-3080
[2026-10-06 20:12:13] AUTH OK
[2026-10-06 20:12:23] CMD: SYSINFO
[2026-10-06 20:12:29] CMD: LISTPROC
[2026-10-06 20:12:46] CMD: EXEC DATE
[2026-10-06 20:12:53] CMD: EXEC rm
[2026-10-06 20:13:01] CMD: QUIT
[2026-10-06 20:13:01] DISCONNECT 127.0.0.1
[2026-10-06 20:19:04] CONNECT from 127.0.0.1:34564
[2026-10-06 20:19:29] CMD: AUTH OPS-3080
[2026-10-06 20:19:29] AUTH OK
[2026-10-06 20:19:31] CMD: PUT test.txt 53
[2026-10-06 20:19:31] PUT test.txt (53 bytes)
[2026-10-06 20:19:55] CMD: AUTH OPS-3080
[2026-10-06 20:19:55] AUTH OK
[2026-10-06 20:20:01] CMD: PUT test.txt 53
[2026-10-06 20:20:01] PUT test.txt (53 bytes)
[2026-10-06 20:20:10] CMD: AUTH OPS-3080
[2026-10-06 20:20:10] AUTH OK
[2026-10-06 20:20:20] CMD: PUT test.txt 53
[2026-10-06 20:20:20] PUT test.txt (53 bytes)
[2026-10-06 20:26:11] AGENT STARTED
[2026-10-06 20:26:30] CONNECT from 127.0.0.1:47542
[2026-10-06 20:26:38] CMD: GET test.txt
[2026-10-06 20:30:10] AGENT STARTED
[2026-10-06 20:30:44] CONNECT from 127.0.0.1:41842
[2026-10-06 20:30:49] CMD: AUTH OPS-3080
[2026-10-06 20:30:49] AUTH OK
[2026-10-06 20:30:56] CMD: PUT test.txt 53
[2026-10-06 20:30:56] PUT test.txt (53 bytes)
[2026-10-06 20:31:03] CMD: GET test.txt
[2026-10-06 20:31:03] GET test.txt (53 bytes)
[2026-10-06 20:31:54] CMD: MONITOR START 9999
[2026-10-06 20:31:54] MONITOR START
[2026-10-06 20:32:16] CMD: c
[2026-10-06 20:32:48] CONNECT from 127.0.0.1:54508
[2026-10-06 20:32:53] CMD: MONITOR STOP
[2026-10-06 20:33:24] CONNECT from 127.0.0.1:58740
[2026-10-06 20:33:43] CMD: AUTH OPS-3080
[2026-10-06 20:33:43] AUTH OK
[2026-10-06 20:33:53] CMD: SYSINFO
[2026-10-06 20:34:09] CMD: EXEC WHOAMI
[2026-10-06 20:34:31] CMD: cat ~/remoteops/remoteops_IT24103080.log
[2026-10-06 22:01:06] AGENT STARTED
[2026-10-06 22:05:19] CONNECT from 127.0.0.1:49908
[2026-10-06 22:05:46] CMD: AUTH OPS-3080
[2026-10-06 22:05:46] AUTH OK
[2026-10-06 22:08:03] CMD: SYSINFO
[2026-10-06 22:08:21] CMD: LISTPROC
[2026-10-06 22:10:26] CMD: EXEC DATE
[2026-10-06 22:10:45] CMD: EXEC HOSTNAME
[2026-10-06 22:11:01] CMD: EXEC WHOAMI
[2026-10-06 22:12:37] CMD: EXEC rm
[2026-10-06 22:13:31] CMD: QUIT
[2026-10-06 22:13:31] DISCONNECT 127.0.0.1
[2026-10-06 22:13:50] CONNECT from 127.0.0.1:36400
[2026-10-06 22:14:06] CMD: AUTH WRONGTOKEN
[2026-10-06 22:14:06] AUTH FAIL
[2026-10-06 22:15:47] CMD: SYSINFO
[2026-10-06 22:18:08] CMD: QUIT
[2026-10-06 22:18:08] DISCONNECT 127.0.0.1
[2026-10-06 22:19:11] CONNECT from 127.0.0.1:54406
[2026-10-06 22:19:32] CMD: AUTH OPS-3080
[2026-10-06 22:19:32] AUTH OK
[2026-10-06 22:19:44] CMD: PUT test.txt 53
[2026-10-06 22:19:44] PUT test.txt (53 bytes)
[2026-10-06 22:24:17] CMD: GET test.txt
[2026-10-06 22:24:17] GET test.txt (53 bytes)
[2026-10-06 22:26:48] CMD: MONITOR START 9999
[2026-10-06 22:26:48] MONITOR START
[2026-10-06 22:27:19] CMD: MONITOR STOP
[2026-10-06 22:27:19] MONITOR STOP
[2026-10-06 22:28:39] CONNECT from 127.0.0.1:42364
[2026-10-06 22:28:59] CMD: AUTH OPS-3080
[2026-10-06 22:28:59] AUTH OK
[2026-10-06 22:29:08] CMD: EXEC UPTIME
[2026-10-06 22:30:07] CMD: AUTH OPS-3080
[2026-10-06 22:30:07] AUTH OK
[2026-10-06 22:30:20] CMD: EXEC UPTIME
[2026-10-06 22:31:20] CMD: QUIT
[2026-10-06 22:31:20] DISCONNECT 127.0.0.1
[2026-10-06 22:31:23] CMD: QUIT
[2026-10-06 22:31:23] DISCONNECT 127.0.0.1
